"name","usercity"
"ondra","liberec"
"odin","brno"
"najlos","liberec"
